// Jest Snapshot v1, https://goo.gl/fbAQLP

exports[`matches snapshot 1`] = `
<div
  className="Pokecard"
>
  <h2>
     
     
  </h2>
  <img
    alt=""
    src="https://raw.githubusercontent.com/PokeAPI/sprites/master/sprites/pokemon/undefined.png"
  />
  <h3>
     
    Type: undefined
  </h3>
  <h3>
    EXP: 
    <span />
  </h3>
</div>
`;
