// Jest Snapshot v1, https://goo.gl/fbAQLP

exports[`matches snapshot 1`] = `
<div>
  <ul
    className="Pokedex"
  >
    <li>
      <Pokecard
        base_experience={62}
        id={4}
        name="Charmander"
        type="fire"
      />
    </li>
    <li>
      <Pokecard
        base_experience={63}
        id={7}
        name="Squirtle"
        type="water"
      />
    </li>
    <li>
      <Pokecard
        base_experience={72}
        id={11}
        name="Metapod"
        type="bug"
      />
    </li>
    <li>
      <Pokecard
        base_experience={178}
        id={12}
        name="Butterfree"
        type="flying"
      />
    </li>
    <li>
      <Pokecard
        base_experience={112}
        id={25}
        name="Pikachu"
        type="electric"
      />
    </li>
    <li>
      <Pokecard
        base_experience={95}
        id={39}
        name="Jigglypuff"
        type="normal"
      />
    </li>
    <li>
      <Pokecard
        base_experience={225}
        id={94}
        name="Gengar"
        type="poison"
      />
    </li>
    <li>
      <Pokecard
        base_experience={65}
        id={133}
        name="Eevee"
        type="normal"
      />
    </li>
  </ul>
</div>
`;
